2026-08-22 19:47:30,228 - shap_explain - INFO - Starting SHAP analysis...
2026-08-22 19:47:30,228 - shap_explain - INFO - Loading XGBoost model...
2026-08-22 19:47:30,280 - shap_explain - INFO - XGBoost model loaded successfully.
2026-08-22 19:47:30,280 - shap_explain - INFO - Loading processed test data...
2026-08-22 19:47:30,290 - shap_explain - INFO - Test data shape: (2000, 20)
2026-08-22 19:47:30,290 - shap_explain - INFO - Creating SHAP TreeExplainer...
2026-08-22 19:47:30,317 - shap_explain - INFO - Calculating SHAP values...
2026-08-22 19:47:30,345 - shap_explain - INFO - SHAP values calculated successfully.
2026-08-22 19:47:30,345 - shap_explain - INFO - Creating SHAP summary plot...
2026-08-22 19:47:31,270 - shap_explain - INFO - SHAP summary saved to reports/shap_summary.png
2026-08-22 19:47:31,271 - shap_explain - INFO - Calculating feature importance...
2026-08-22 19:47:31,274 - shap_explain - INFO - SHAP feature importance saved to reports/shap_feature_importance.csv
2026-08-22 19:47:31,274 - shap_explain - INFO - Creating SHAP feature importance plot...
2026-08-22 19:47:31,811 - shap_explain - INFO - SHAP bar plot saved to reports/shap_feature_importance.png
2026-08-22 19:47:31,814 - shap_explain - INFO - SHAP pipeline completed successfully.
2026-08-22 20:02:10,820 - shap_explain - INFO - Starting SHAP analysis...
2026-08-22 20:02:10,820 - shap_explain - INFO - Loading XGBoost model...
2026-08-22 20:02:10,874 - shap_explain - INFO - XGBoost model loaded successfully.
2026-08-22 20:02:10,883 - shap_explain - INFO - Test data shape: (2000, 20)
2026-08-22 20:02:10,884 - shap_explain - INFO - Creating SHAP TreeExplainer...
2026-08-22 20:02:10,910 - shap_explain - INFO - Calculating SHAP values...
2026-08-22 20:02:10,949 - shap_explain - INFO - SHAP values calculated successfully.
2026-08-22 20:02:10,949 - shap_explain - INFO - Creating SHAP summary plot...
2026-08-22 20:02:11,878 - shap_explain - INFO - SHAP summary saved to reports/shap_summary.png
2026-08-22 20:02:11,881 - shap_explain - INFO - SHAP feature importance saved to reports/shap_feature_importance.csv
2026-08-22 20:02:11,882 - shap_explain - INFO - Creating SHAP bar plot...
2026-08-22 20:02:12,419 - shap_explain - INFO - SHAP bar plot saved to reports/shap_feature_importance.png
2026-08-22 20:02:12,420 - shap_explain - INFO - Creating SHAP dependence plots...
2026-08-22 20:02:12,420 - shap_explain - INFO - Creating dependence plot for Age
2026-08-22 20:02:12,847 - shap_explain - INFO - Saved: reports/shap_dependence_Age.png
2026-08-22 20:02:12,847 - shap_explain - INFO - Creating dependence plot for NumOfProducts
2026-08-22 20:02:13,236 - shap_explain - INFO - Saved: reports/shap_dependence_NumOfProducts.png
2026-08-22 20:02:13,237 - shap_explain - INFO - Creating dependence plot for Gender_Male
2026-08-22 20:02:13,654 - shap_explain - INFO - Saved: reports/shap_dependence_Gender_Male.png
2026-08-22 20:02:13,654 - shap_explain - INFO - Creating dependence plot for Geography_Germany
2026-08-22 20:02:14,151 - shap_explain - INFO - Saved: reports/shap_dependence_Geography_Germany.png
2026-08-22 20:02:14,151 - shap_explain - INFO - Creating dependence plot for ActiveAge
2026-08-22 20:02:14,547 - shap_explain - INFO - Saved: reports/shap_dependence_ActiveAge.png
2026-08-22 20:02:14,563 - shap_explain - INFO - SHAP pipeline completed successfully.
